============================= test session starts =============================
platform win32 -- Python 3.10.0, pytest-9.0.2, pluggy-1.6.0 -- C:\Users\johnc\Pictures\Projects\LifeLine AI (hackathon)\Lifeline-AI\venv\Scripts\python.exe
cachedir: .pytest_cache
rootdir: C:\Users\johnc\Pictures\Projects\LifeLine AI (hackathon)\Lifeline-AI
plugins: anyio-4.12.1, asyncio-1.3.0
asyncio: mode=strict, debug=False, asyncio_default_fixture_loop_scope=None, asyncio_default_test_loop_scope=function
collecting ... collected 5 items

test_suite_comprehensive.py::test_01_health_check PASSED                 [ 20%]
test_suite_comprehensive.py::test_02_register_user_utf8 PASSED           [ 40%]
test_suite_comprehensive.py::test_03_rppg_websocket_flow PASSED          [ 60%]
test_suite_comprehensive.py::test_04_vitals_post_stateless PASSED        [ 80%]
test_suite_comprehensive.py::test_05_database_bpm_persistence FAILED     [100%]

================================== FAILURES ===================================
______________________ test_05_database_bpm_persistence _______________________

    @pytest.mark.asyncio
    async def test_05_database_bpm_persistence():
        """
        CRITICAL: Verify that the BPM reading is actually stored in the DB.
        This test is expected to FAIL if the feature is missing.
        """
        # 1. Register
        async with httpx.AsyncClient() as client:
            reg = await client.post(f"{BASE_URL}/register", params=USER_DATA_EN)
            token = reg.json()["token"]
    
            # 2. Send Vital via POST (simulating a reading)
            frame = np.zeros((100, 100, 3), dtype=np.uint8)
            _, buffer = cv2.imencode('.jpg', frame)
            files = {"file": ("test.jpg", buffer.tobytes(), "image/jpeg")}
            await client.post(f"{BASE_URL}/vitals/process_frame", data={"token": token}, files=files)
    
            # 3. Fetch User Record to check if BPM/Vitals are logged
            # Currently, there isn't a direct endpoint to fetch vitals history,
            # so we check the emergency endpoint to see if it lists recent vitals.
            # This assumes the emergency endpoint *should* return vitals.
            resp = await client.get(f"{BASE_URL}/emergency/{token}")
            assert resp.status_code == 200
            data = resp.json()["data"]
    
            # WEAKNESS CHECK: Does the data contain 'heart_rate' or 'vitals_history'?
            if "heart_rate" not in data and "vitals" not in data:
>                pytest.fail("\u274c Database Weakness: BPM data is NOT being persisted in the User/Emergency record!")
E                Failed: \u274c Database Weakness: BPM data is NOT being persisted in the User/Emergency record!

test_suite_comprehensive.py:124: Failed
=========================== short test summary info ===========================
FAILED test_suite_comprehensive.py::test_05_database_bpm_persistence - Failed...
========================= 1 failed, 4 passed in 1.89s =========================
